[INFO] Scanning for projects...
[INFO] 
[INFO] --< com.example:spring-jpa-bulk-update-persistence-context-debug-lab >--
[INFO] Building spring-jpa-bulk-update-persistence-context-debug-lab 1.0.0-SNAPSHOT
[INFO] --------------------------------[ jar ]---------------------------------
[INFO] 
[INFO] --- maven-resources-plugin:3.3.1:resources (default-resources) @ spring-jpa-bulk-update-persistence-context-debug-lab ---
[INFO] skip non existing resourceDirectory /home/ubuntu/work/spring-jpa-bulk-update-persistence-context-debug-lab/src/main/resources
[INFO] skip non existing resourceDirectory /home/ubuntu/work/spring-jpa-bulk-update-persistence-context-debug-lab/src/main/resources
[INFO] 
[INFO] --- maven-compiler-plugin:3.13.0:compile (default-compile) @ spring-jpa-bulk-update-persistence-context-debug-lab ---
[INFO] Recompiling the module because of changed source code.
[INFO] Compiling 8 source files with javac [debug parameters release 21] to target/classes
[INFO] 
[INFO] --- maven-resources-plugin:3.3.1:testResources (default-testResources) @ spring-jpa-bulk-update-persistence-context-debug-lab ---
[INFO] Copying 1 resource from src/test/resources to target/test-classes
[INFO] 
[INFO] --- maven-compiler-plugin:3.13.0:testCompile (default-testCompile) @ spring-jpa-bulk-update-persistence-context-debug-lab ---
[INFO] Recompiling the module because of changed dependency.
[INFO] Compiling 1 source file with javac [debug parameters release 21] to target/test-classes
[INFO] 
[INFO] --- maven-surefire-plugin:3.2.5:test (default-test) @ spring-jpa-bulk-update-persistence-context-debug-lab ---
[INFO] Using auto detected provider org.apache.maven.surefire.junitplatform.JUnitPlatformProvider
[INFO] 
[INFO] -------------------------------------------------------
[INFO]  T E S T S
[INFO] -------------------------------------------------------
[INFO] Running com.example.bulkupdate.ProductSuspensionApiTest
10:55:46.294 [main] INFO org.springframework.test.context.support.AnnotationConfigContextLoaderUtils -- Could not detect default configuration classes for test class [com.example.bulkupdate.ProductSuspensionApiTest]: ProductSuspensionApiTest does not declare any static, non-private, non-final, nested classes annotated with @Configuration.
10:55:46.383 [main] INFO org.springframework.boot.test.context.SpringBootTestContextBootstrapper -- Found @SpringBootConfiguration com.example.bulkupdate.BulkUpdateDebugApplication for test class com.example.bulkupdate.ProductSuspensionApiTest

  .   ____          _            __ _ _
 /\\ / ___'_ __ _ _(_)_ __  __ _ \ \ \ \
( ( )\___ | '_ | '_| | '_ \/ _` | \ \ \ \
 \\/  ___)| |_)| | | | | || (_| |  ) ) ) )
  '  |____| .__|_| |_|_| |_\__, | / / / /
 =========|_|==============|___/=/_/_/_/

 :: Spring Boot ::               (v3.3.12)

2026-08-15T10:55:46.766Z  INFO 3630 --- [           main] c.e.bulkupdate.ProductSuspensionApiTest  : Starting ProductSuspensionApiTest using Java 21.0.11 with PID 3630 (started by ubuntu in /home/ubuntu/work/spring-jpa-bulk-update-persistence-context-debug-lab)
2026-08-15T10:55:46.768Z  INFO 3630 --- [           main] c.e.bulkupdate.ProductSuspensionApiTest  : No active profile set, falling back to 1 default profile: "default"
2026-08-15T10:55:47.245Z  INFO 3630 --- [           main] .s.d.r.c.RepositoryConfigurationDelegate : Bootstrapping Spring Data JPA repositories in DEFAULT mode.
2026-08-15T10:55:47.285Z  INFO 3630 --- [           main] .s.d.r.c.RepositoryConfigurationDelegate : Finished Spring Data repository scanning in 33 ms. Found 1 JPA repository interface.
2026-08-15T10:55:47.591Z  INFO 3630 --- [           main] o.hibernate.jpa.internal.util.LogHelper  : HHH000204: Processing PersistenceUnitInfo [name: default]
2026-08-15T10:55:47.643Z  INFO 3630 --- [           main] org.hibernate.Version                    : HHH000412: Hibernate ORM core version 6.5.3.Final
2026-08-15T10:55:47.670Z  INFO 3630 --- [           main] o.h.c.internal.RegionFactoryInitiator    : HHH000026: Second-level cache disabled
2026-08-15T10:55:47.912Z  INFO 3630 --- [           main] o.s.o.j.p.SpringPersistenceUnitInfo      : No LoadTimeWeaver setup: ignoring JPA class transformer
2026-08-15T10:55:47.941Z  INFO 3630 --- [           main] com.zaxxer.hikari.HikariDataSource       : HikariPool-1 - Starting...
2026-08-15T10:55:48.096Z  INFO 3630 --- [           main] com.zaxxer.hikari.pool.HikariPool        : HikariPool-1 - Added connection conn0: url=jdbc:h2:mem:bulk-update-debug user=SA
2026-08-15T10:55:48.097Z  INFO 3630 --- [           main] com.zaxxer.hikari.HikariDataSource       : HikariPool-1 - Start completed.
2026-08-15T10:55:48.770Z  INFO 3630 --- [           main] o.h.e.t.j.p.i.JtaPlatformInitiator       : HHH000489: No JTA platform available (set 'hibernate.transaction.jta.platform' to enable JTA platform integration)
2026-08-15T10:55:48.781Z DEBUG 3630 --- [           main] org.hibernate.SQL                        : 
    drop table if exists products cascade 
2026-08-15T10:55:48.788Z DEBUG 3630 --- [           main] org.hibernate.SQL                        : 
    create table products (
        id bigint generated by default as identity,
        note varchar(255),
        sku varchar(255),
        status enum ('ACTIVE','SUSPENDED'),
        primary key (id)
    )
2026-08-15T10:55:48.798Z  INFO 3630 --- [           main] j.LocalContainerEntityManagerFactoryBean : Initialized JPA EntityManagerFactory for persistence unit 'default'
2026-08-15T10:55:49.496Z  INFO 3630 --- [           main] o.s.b.t.m.w.SpringBootMockServletContext : Initializing Spring TestDispatcherServlet ''
2026-08-15T10:55:49.496Z  INFO 3630 --- [           main] o.s.t.web.servlet.TestDispatcherServlet  : Initializing Servlet ''
2026-08-15T10:55:49.498Z  INFO 3630 --- [           main] o.s.t.web.servlet.TestDispatcherServlet  : Completed initialization in 1 ms
2026-08-15T10:55:49.515Z  INFO 3630 --- [           main] c.e.bulkupdate.ProductSuspensionApiTest  : Started ProductSuspensionApiTest in 3.015 seconds (process running for 3.786)
WARNING: A Java agent has been loaded dynamically (/home/ubuntu/.m2/repository/net/bytebuddy/byte-buddy-agent/1.14.19/byte-buddy-agent-1.14.19.jar)
WARNING: If a serviceability tool is in use, please run with -XX:+EnableDynamicAgentLoading to hide this warning
WARNING: If a serviceability tool is not in use, please run with -Djdk.instrument.traceUsage for more information
WARNING: Dynamic loading of agents will be disallowed by default in a future release
OpenJDK 64-Bit Server VM warning: Sharing is only supported for boot loader classes because bootstrap classpath has been appended
2026-08-15T10:55:50.049Z DEBUG 3630 --- [           main] org.hibernate.SQL                        : 
    select
        p1_0.id,
        p1_0.note,
        p1_0.sku,
        p1_0.status 
    from
        products p1_0
2026-08-15T10:55:50.090Z DEBUG 3630 --- [           main] org.hibernate.SQL                        : 
    insert 
    into
        products
        (note, sku, status, id) 
    values
        (?, ?, ?, default)
2026-08-15T10:55:50.093Z TRACE 3630 --- [           main] org.hibernate.orm.jdbc.bind              : binding parameter (1:VARCHAR) <- [登録直後]
2026-08-15T10:55:50.093Z TRACE 3630 --- [           main] org.hibernate.orm.jdbc.bind              : binding parameter (2:VARCHAR) <- [SKU-001]
2026-08-15T10:55:50.093Z TRACE 3630 --- [           main] org.hibernate.orm.jdbc.bind              : binding parameter (3:ENUM) <- [ACTIVE]
2026-08-15T10:55:50.220Z DEBUG 3630 --- [           main] org.hibernate.SQL                        : 
    select
        p1_0.id,
        p1_0.note,
        p1_0.sku,
        p1_0.status 
    from
        products p1_0 
    where
        p1_0.id=?
2026-08-15T10:55:50.220Z TRACE 3630 --- [           main] org.hibernate.orm.jdbc.bind              : binding parameter (1:BIGINT) <- [1]
2026-08-15T10:55:50.224Z  INFO 3630 --- [           main] c.e.b.product.ProductSuspensionService   : 管理中エンティティを取得: id=1, status=ACTIVE, note=登録直後
2026-08-15T10:55:50.224Z  INFO 3630 --- [           main] c.e.b.product.ProductSuspensionService   : 管理中エンティティを停止済みに変更: id=1, status=SUSPENDED
2026-08-15T10:55:50.224Z  INFO 3630 --- [           main] c.e.b.product.ProductSuspensionService   : 停止理由を更新: id=1, 管理中status=SUSPENDED, note=品質確認のため停止
2026-08-15T10:55:50.231Z DEBUG 3630 --- [           main] org.hibernate.SQL                        : 
    update
        products 
    set
        note=?,
        sku=?,
        status=? 
    where
        id=?
2026-08-15T10:55:50.233Z TRACE 3630 --- [           main] org.hibernate.orm.jdbc.bind              : binding parameter (1:VARCHAR) <- [品質確認のため停止]
2026-08-15T10:55:50.233Z TRACE 3630 --- [           main] org.hibernate.orm.jdbc.bind              : binding parameter (2:VARCHAR) <- [SKU-001]
2026-08-15T10:55:50.234Z TRACE 3630 --- [           main] org.hibernate.orm.jdbc.bind              : binding parameter (3:ENUM) <- [SUSPENDED]
2026-08-15T10:55:50.234Z TRACE 3630 --- [           main] org.hibernate.orm.jdbc.bind              : binding parameter (4:BIGINT) <- [1]
2026-08-15T10:55:50.245Z DEBUG 3630 --- [           main] org.hibernate.SQL                        : 
    select
        p1_0.id,
        p1_0.note,
        p1_0.sku,
        p1_0.status 
    from
        products p1_0 
    where
        p1_0.id=?
2026-08-15T10:55:50.245Z TRACE 3630 --- [           main] org.hibernate.orm.jdbc.bind              : binding parameter (1:BIGINT) <- [1]
[INFO] Tests run: 1, Failures: 0, Errors: 0, Skipped: 0, Time elapsed: 4.157 s -- in com.example.bulkupdate.ProductSuspensionApiTest
[INFO] 
[INFO] Results:
[INFO] 
[INFO] Tests run: 1, Failures: 0, Errors: 0, Skipped: 0
[INFO] 
[INFO] ------------------------------------------------------------------------
[INFO] BUILD SUCCESS
[INFO] ------------------------------------------------------------------------
[INFO] Total time:  6.655 s
[INFO] Finished at: 2026-08-15T10:55:50Z
[INFO] ------------------------------------------------------------------------
